// Jest Snapshot v1, https://goo.gl/fbAQLP

exports[`Header renders correctly 1`] = `
<header
  class="header"
>
  <h1>
    Vue Art Gallery
  </h1>
   
  <div
    id="nav"
  >
    <router-link
      to="/"
    >
      Home
    </router-link>
     |
    
    <router-link
      to="/about"
    >
      About
    </router-link>
  </div>
</header>
`;
