// Jest Snapshot v1, https://goo.gl/fbAQLP

exports[`ArtContainer renders correctly 1`] = `
<div
  class="img-container"
/>
`;
