// Jest Snapshot v1, https://goo.gl/fbAQLP

exports[`Artwork renders correctly 1`] = `
<div
  class="Artwork-container"
>
  <img />
</div>
`;
